Copyright 1986-2018 Xilinx, Inc. All Rights Reserved.
--------------------------------------------------------------------------------------
| Tool Version : Vivado v.2018.3 (win64) Build 2405991 Thu Dec  6 23:38:27 MST 2018
| Date         : Thu Mar 26 21:13:16 2026
| Host         : kaihuaxc running 64-bit major release  (build 9200)
| Command      : report_control_sets -verbose -file fcbrt_top_control_sets_placed.rpt
| Design       : fcbrt_top
| Device       : xc7a100t
--------------------------------------------------------------------------------------

Control Set Information

Table of Contents
-----------------
1. Summary
2. Histogram
3. Flip-Flop Distribution
4. Detailed Control Set Information

1. Summary
----------

+----------------------------------------------------------+-------+
|                          Status                          | Count |
+----------------------------------------------------------+-------+
| Number of unique control sets                            |    18 |
| Unused register locations in slices containing registers |    72 |
+----------------------------------------------------------+-------+


2. Histogram
------------

+--------+--------------+
| Fanout | Control Sets |
+--------+--------------+
|      1 |            3 |
|      3 |            1 |
|     11 |            1 |
|     15 |            1 |
|    16+ |           12 |
+--------+--------------+


3. Flip-Flop Distribution
-------------------------

+--------------+-----------------------+------------------------+-----------------+--------------+
| Clock Enable | Synchronous Set/Reset | Asynchronous Set/Reset | Total Registers | Total Slices |
+--------------+-----------------------+------------------------+-----------------+--------------+
| No           | No                    | No                     |              66 |           30 |
| No           | No                    | Yes                    |              35 |           18 |
| No           | Yes                   | No                     |               0 |            0 |
| Yes          | No                    | No                     |               0 |            0 |
| Yes          | No                    | Yes                    |             947 |          497 |
| Yes          | Yes                   | No                     |               0 |            0 |
+--------------+-----------------------+------------------------+-----------------+--------------+


4. Detailed Control Set Information
-----------------------------------

+----------------------+--------------------------------------------+-----------------------------------------------+------------------+----------------+
|     Clock Signal     |                Enable Signal               |                Set/Reset Signal               | Slice Load Count | Bel Load Count |
+----------------------+--------------------------------------------+-----------------------------------------------+------------------+----------------+
|  clk_i_IBUF_BUFG     |                                            | u_fcbrt_postprocess/rst_ni                    |                1 |              1 |
|  clk_i_IBUF_BUFG     | u_fcbrt_core/start_N                       | u_fcbrt_core/rst_ni                           |                1 |              1 |
|  clk_i_IBUF_BUFG     | u_fcbrt_preprocess/Fsm_enable_reg[0]       | u_fcbrt_postprocess/rst_ni                    |                1 |              1 |
|  clk_i_IBUF_BUFG     |                                            |                                               |                2 |              3 |
|  clk_i_IBUF_BUFG     | u_fcbrt_core/exp_bias_nonc_reg[10]_i_1_n_0 | u_fcbrt_preprocess/rst_ni                     |                6 |             11 |
|  clk_i_IBUF_BUFG     |                                            | u_fcbrt_preprocess/rst_ni                     |               10 |             15 |
|  clk_i_IBUF_BUFG     |                                            | u_fcbrt_core/rst_ni                           |                7 |             19 |
|  clk_i_IBUF_BUFG     | u_fcbrt_core/start_N                       | u_fcbrt_core/rst_ni_0                         |               17 |             31 |
|  clk_i_IBUF_BUFG     | u_fcbrt_core/start_N                       | u_fcbrt_preprocess/rst_ni                     |               23 |             48 |
|  fmt_sel_i_IBUF_BUFG |                                            |                                               |               28 |             63 |
|  clk_i_IBUF_BUFG     | u_fcbrt_core/E[0]                          | u_fcbrt_postprocess/rst_ni                    |               24 |             64 |
|  clk_i_IBUF_BUFG     | u_fcbrt_preprocess/Fsm_enable_reg[0]       | u_fcbrt_core/rst_ni_0                         |               14 |             90 |
|  clk_i_IBUF_BUFG     | u_fcbrt_preprocess/Fsm_enable_reg[0]       | u_fcbrt_core/S_Square_c_Reg[112]_i_2_n_0      |               69 |            112 |
|  clk_i_IBUF_BUFG     | u_fcbrt_preprocess/Fsm_enable_reg[0]       | u_fcbrt_core/S_Square_s_Reg[112]_i_2_n_0      |               70 |            112 |
|  clk_i_IBUF_BUFG     | u_fcbrt_preprocess/Fsm_enable_reg[0]       | u_fcbrt_core/rst_ni                           |               82 |            114 |
|  clk_i_IBUF_BUFG     | u_fcbrt_preprocess/Fsm_enable_reg[0]       | u_fcbrt_core/Residual_s_Reg[116]_i_2_n_0      |               79 |            121 |
|  clk_i_IBUF_BUFG     | u_fcbrt_preprocess/Fsm_enable_reg[0]       | u_fcbrt_core/Residual_s_Reg[58]_i_2_n_0       |               83 |            121 |
|  clk_i_IBUF_BUFG     | u_fcbrt_preprocess/Fsm_enable_reg[0]       | u_fcbrt_core/S_Square_c_Reg_Prev[105]_i_2_n_0 |               28 |            121 |
+----------------------+--------------------------------------------+-----------------------------------------------+------------------+----------------+


