Copyright 1986-2018 Xilinx, Inc. All Rights Reserved.
-------------------------------------------------------------------------------------------------------------------------------------------------
| Tool Version     : Vivado v.2018.3 (win64) Build 2405991 Thu Dec  6 23:38:27 MST 2018
| Date             : Thu Mar 26 13:54:35 2026
| Host             : kaihuaxc running 64-bit major release  (build 9200)
| Command          : report_power -file fcbrt_top_power_routed.rpt -pb fcbrt_top_power_summary_routed.pb -rpx fcbrt_top_power_routed.rpx
| Design           : fcbrt_top
| Device           : xc7a100tcsg324-3
| Design State     : routed
| Grade            : extended
| Process          : typical
| Characterization : Production
-------------------------------------------------------------------------------------------------------------------------------------------------

Power Report

Table of Contents
-----------------
1. Summary
1.1 On-Chip Components
1.2 Power Supply Summary
1.3 Confidence Level
2. Settings
2.1 Environment
2.2 Clock Constraints
3. Detailed Reports
3.1 By Hierarchy

1. Summary
----------

+--------------------------+--------------+
| Total On-Chip Power (W)  | 1.576        |
| Design Power Budget (W)  | Unspecified* |
| Power Budget Margin (W)  | NA           |
| Dynamic (W)              | 1.480        |
| Device Static (W)        | 0.096        |
| Effective TJA (C/W)      | 4.6          |
| Max Ambient (C)          | 92.8         |
| Junction Temperature (C) | 32.2         |
| Confidence Level         | Low          |
| Setting File             | ---          |
| Simulation Activity File | ---          |
| Design Nets Matched      | NA           |
+--------------------------+--------------+
* Specify Design Power Budget using, set_operating_conditions -design_power_budget <value in Watts>


1.1 On-Chip Components
----------------------

+----------------+-----------+----------+-----------+-----------------+
| On-Chip        | Power (W) | Used     | Available | Utilization (%) |
+----------------+-----------+----------+-----------+-----------------+
| Clocks         |     0.017 |        3 |       --- |             --- |
| Slice Logic    |     0.617 |    11968 |       --- |             --- |
|   LUT as Logic |     0.615 |     9440 |     63400 |           14.89 |
|   CARRY4       |     0.001 |      259 |     15850 |            1.63 |
|   Register     |    <0.001 |     1049 |    126800 |            0.83 |
|   F7/F8 Muxes  |    <0.001 |        9 |     63400 |            0.01 |
|   BUFG         |    <0.001 |        1 |        32 |            3.13 |
|   Others       |     0.000 |       16 |       --- |             --- |
| Signals        |     0.831 |    10283 |       --- |             --- |
| I/O            |     0.015 |      134 |       210 |           63.81 |
| Static Power   |     0.096 |          |           |                 |
| Total          |     1.576 |          |           |                 |
+----------------+-----------+----------+-----------+-----------------+


1.2 Power Supply Summary
------------------------

+-----------+-------------+-----------+-------------+------------+
| Source    | Voltage (V) | Total (A) | Dynamic (A) | Static (A) |
+-----------+-------------+-----------+-------------+------------+
| Vccint    |       1.000 |     1.485 |       1.465 |      0.020 |
| Vccaux    |       1.800 |     0.020 |       0.001 |      0.019 |
| Vcco33    |       3.300 |     0.000 |       0.000 |      0.000 |
| Vcco25    |       2.500 |     0.000 |       0.000 |      0.000 |
| Vcco18    |       1.800 |     0.011 |       0.007 |      0.004 |
| Vcco15    |       1.500 |     0.000 |       0.000 |      0.000 |
| Vcco135   |       1.350 |     0.000 |       0.000 |      0.000 |
| Vcco12    |       1.200 |     0.000 |       0.000 |      0.000 |
| Vccaux_io |       1.800 |     0.000 |       0.000 |      0.000 |
| Vccbram   |       1.000 |     0.000 |       0.000 |      0.000 |
| MGTAVcc   |       1.000 |     0.000 |       0.000 |      0.000 |
| MGTAVtt   |       1.200 |     0.000 |       0.000 |      0.000 |
| Vccadc    |       1.800 |     0.020 |       0.000 |      0.020 |
+-----------+-------------+-----------+-------------+------------+


1.3 Confidence Level
--------------------

+-----------------------------+------------+--------------------------------------------------------+--------------------------------------------------------------------------------------------------------------------+
| User Input Data             | Confidence | Details                                                | Action                                                                                                             |
+-----------------------------+------------+--------------------------------------------------------+--------------------------------------------------------------------------------------------------------------------+
| Design implementation state | High       | Design is routed                                       |                                                                                                                    |
| Clock nodes activity        | Medium     | More than 5% of clocks are missing user specification  | Provide missing clock activity with a constraint file, simulation results or by editing the "By Clock Domain" view |
| I/O nodes activity          | Low        | More than 75% of inputs are missing user specification | Provide missing input activity with simulation results or by editing the "By Resource Type -> I/Os" view           |
| Internal nodes activity     | Medium     | User specified less than 25% of internal nodes         | Provide missing internal nodes activity with simulation results or by editing the "By Resource Type" views         |
| Device models               | High       | Device models are Production                           |                                                                                                                    |
|                             |            |                                                        |                                                                                                                    |
| Overall confidence level    | Low        |                                                        |                                                                                                                    |
+-----------------------------+------------+--------------------------------------------------------+--------------------------------------------------------------------------------------------------------------------+


2. Settings
-----------

2.1 Environment
---------------

+-----------------------+--------------------------+
| Ambient Temp (C)      | 25.0                     |
| ThetaJA (C/W)         | 4.6                      |
| Airflow (LFM)         | 250                      |
| Heat Sink             | medium (Medium Profile)  |
| ThetaSA (C/W)         | 4.6                      |
| Board Selection       | medium (10"x10")         |
| # of Board Layers     | 12to15 (12 to 15 Layers) |
| Board Temperature (C) | 25.0                     |
+-----------------------+--------------------------+


2.2 Clock Constraints
---------------------

+-------+--------+-----------------+
| Clock | Domain | Constraint (ns) |
+-------+--------+-----------------+
| clk   | clk_i  |             5.0 |
+-------+--------+-----------------+


3. Detailed Reports
-------------------

3.1 By Hierarchy
----------------

+--------------------------+-----------+
| Name                     | Power (W) |
+--------------------------+-----------+
| fcbrt_top                |     1.480 |
|   u_fcbrt_core           |     1.450 |
|     u_fcbrt_ML_PLAC      |     0.002 |
|     u_fcbrt_Residual_r64 |     0.552 |
|       u_Residual0_mid1_0 |     0.023 |
|       u_Residual0_mid2_0 |     0.062 |
|       u_Residual1_mid1_0 |     0.081 |
|       u_Residual1_mid2_0 |     0.160 |
|       u_Residual2_mid1_0 |     0.125 |
|       u_Residual2_mid1_1 |     0.026 |
|       u_Residual2_mid2_0 |     0.074 |
|     u_fcbrt_S_SM_r64     |     0.029 |
|     u_fcbrt_Ssel_stage0  |     0.825 |
|     u_fcbrt_udiv3        |     0.001 |
|   u_fcbrt_postprocess    |     0.002 |
|   u_fcbrt_preprocess     |     0.011 |
+--------------------------+-----------+


