
*** Running vivado
    with args -log fcbrt_top.vdi -applog -m64 -product Vivado -messageDb vivado.pb -mode batch -source fcbrt_top.tcl -notrace


****** Vivado v2018.3 (64-bit)
  **** SW Build 2405991 on Thu Dec  6 23:38:27 MST 2018
  **** IP Build 2404404 on Fri Dec  7 01:43:56 MST 2018
    ** Copyright 1986-2018 Xilinx, Inc. All Rights Reserved.

source fcbrt_top.tcl -notrace
Command: link_design -top fcbrt_top -part xc7a100tcsg324-3
Design is defaulting to srcset: sources_1
Design is defaulting to constrset: constrs_1
INFO: [Netlist 29-17] Analyzing 199 Unisim elements for replacement
INFO: [Netlist 29-28] Unisim Transformation completed in 0 CPU seconds
INFO: [Project 1-479] Netlist was created with Vivado 2018.3
INFO: [Device 21-403] Loading part xc7a100tcsg324-3
INFO: [Project 1-570] Preparing netlist for logic optimization
Parsing XDC File [G:/FPU/r64_SRT_fcbrt/vivadopro/fcbrt64/fcbrt64.srcs/constrs_1/new/ff.xdc]
Finished Parsing XDC File [G:/FPU/r64_SRT_fcbrt/vivadopro/fcbrt64/fcbrt64.srcs/constrs_1/new/ff.xdc]
INFO: [Opt 31-138] Pushed 0 inverter(s) to 0 load pin(s).
Netlist sorting complete. Time (s): cpu = 00:00:00 ; elapsed = 00:00:00.001 . Memory (MB): peak = 672.863 ; gain = 0.000
INFO: [Project 1-111] Unisim Transformation Summary:
No Unisim elements were transformed.

7 Infos, 0 Warnings, 0 Critical Warnings and 0 Errors encountered.
link_design completed successfully
Command: opt_design
Attempting to get a license for feature 'Implementation' and/or device 'xc7a100t'
INFO: [Common 17-349] Got license for feature 'Implementation' and/or device 'xc7a100t'
Running DRC as a precondition to command opt_design

Starting DRC Task
INFO: [DRC 23-27] Running DRC with 2 threads
INFO: [Project 1-461] DRC finished with 0 Errors
INFO: [Project 1-462] Please refer to the DRC report (report_drc) for more information.

Time (s): cpu = 00:00:01 ; elapsed = 00:00:00.307 . Memory (MB): peak = 680.953 ; gain = 4.039

Starting Cache Timing Information Task
INFO: [Timing 38-35] Done setting XDC timing constraints.
Ending Cache Timing Information Task | Checksum: 173ab4baa

Time (s): cpu = 00:00:05 ; elapsed = 00:00:05 . Memory (MB): peak = 1243.359 ; gain = 562.406

Starting Logic Optimization Task

Phase 1 Retarget
INFO: [Opt 31-138] Pushed 0 inverter(s) to 0 load pin(s).
INFO: [Opt 31-49] Retargeted 0 cell(s).
Phase 1 Retarget | Checksum: 173ab4baa

Time (s): cpu = 00:00:00 ; elapsed = 00:00:00.158 . Memory (MB): peak = 1340.184 ; gain = 0.000
INFO: [Opt 31-389] Phase Retarget created 0 cells and removed 0 cells

Phase 2 Constant propagation
INFO: [Opt 31-138] Pushed 0 inverter(s) to 0 load pin(s).
Phase 2 Constant propagation | Checksum: 1cdde54bf

Time (s): cpu = 00:00:00 ; elapsed = 00:00:00.208 . Memory (MB): peak = 1340.184 ; gain = 0.000
INFO: [Opt 31-389] Phase Constant propagation created 0 cells and removed 0 cells

Phase 3 Sweep
Phase 3 Sweep | Checksum: 11850b85e

Time (s): cpu = 00:00:00 ; elapsed = 00:00:00.262 . Memory (MB): peak = 1340.184 ; gain = 0.000
INFO: [Opt 31-389] Phase Sweep created 0 cells and removed 0 cells

Phase 4 BUFG optimization
Phase 4 BUFG optimization | Checksum: 11850b85e

Time (s): cpu = 00:00:00 ; elapsed = 00:00:00.311 . Memory (MB): peak = 1340.184 ; gain = 0.000
INFO: [Opt 31-662] Phase BUFG optimization created 0 cells of which 0 are BUFGs and removed 0 cells.

Phase 5 Shift Register Optimization
Phase 5 Shift Register Optimization | Checksum: 15343a35e

Time (s): cpu = 00:00:01 ; elapsed = 00:00:00.455 . Memory (MB): peak = 1340.184 ; gain = 0.000
INFO: [Opt 31-389] Phase Shift Register Optimization created 0 cells and removed 0 cells

Phase 6 Post Processing Netlist
Phase 6 Post Processing Netlist | Checksum: 15343a35e

Time (s): cpu = 00:00:01 ; elapsed = 00:00:00.476 . Memory (MB): peak = 1340.184 ; gain = 0.000
INFO: [Opt 31-389] Phase Post Processing Netlist created 0 cells and removed 0 cells
Opt_design Change Summary
=========================


-------------------------------------------------------------------------------------------------------------------------
|  Phase                        |  #Cells created  |  #Cells Removed  |  #Constrained objects preventing optimizations  |
-------------------------------------------------------------------------------------------------------------------------
|  Retarget                     |               0  |               0  |                                              0  |
|  Constant propagation         |               0  |               0  |                                              0  |
|  Sweep                        |               0  |               0  |                                              0  |
|  BUFG optimization            |               0  |               0  |                                              0  |
|  Shift Register Optimization  |               0  |               0  |                                              0  |
|  Post Processing Netlist      |               0  |               0  |                                              0  |
-------------------------------------------------------------------------------------------------------------------------



Starting Connectivity Check Task

Time (s): cpu = 00:00:00 ; elapsed = 00:00:00.008 . Memory (MB): peak = 1340.184 ; gain = 0.000
Ending Logic Optimization Task | Checksum: 15343a35e

Time (s): cpu = 00:00:01 ; elapsed = 00:00:00.493 . Memory (MB): peak = 1340.184 ; gain = 0.000

Starting Power Optimization Task
INFO: [Pwropt 34-132] Skipping clock gating for clocks with a period < 2.00 ns.
Ending Power Optimization Task | Checksum: 15343a35e

Time (s): cpu = 00:00:00 ; elapsed = 00:00:00.008 . Memory (MB): peak = 1340.184 ; gain = 0.000

Starting Final Cleanup Task
Ending Final Cleanup Task | Checksum: 15343a35e

Time (s): cpu = 00:00:00 ; elapsed = 00:00:00 . Memory (MB): peak = 1340.184 ; gain = 0.000

Starting Netlist Obfuscation Task
Netlist sorting complete. Time (s): cpu = 00:00:00 ; elapsed = 00:00:00 . Memory (MB): peak = 1340.184 ; gain = 0.000
Ending Netlist Obfuscation Task | Checksum: 15343a35e

Time (s): cpu = 00:00:00 ; elapsed = 00:00:00 . Memory (MB): peak = 1340.184 ; gain = 0.000
INFO: [Common 17-83] Releasing license: Implementation
23 Infos, 0 Warnings, 0 Critical Warnings and 0 Errors encountered.
opt_design completed successfully
opt_design: Time (s): cpu = 00:00:07 ; elapsed = 00:00:06 . Memory (MB): peak = 1340.184 ; gain = 663.270
Netlist sorting complete. Time (s): cpu = 00:00:00 ; elapsed = 00:00:00.001 . Memory (MB): peak = 1340.184 ; gain = 0.000
INFO: [Timing 38-480] Writing timing data to binary archive.
Netlist sorting complete. Time (s): cpu = 00:00:00 ; elapsed = 00:00:00.001 . Memory (MB): peak = 1340.184 ; gain = 0.000
INFO: [Common 17-1381] The checkpoint 'G:/FPU/r64_SRT_fcbrt/vivadopro/fcbrt64/fcbrt64.runs/impl_1/fcbrt_top_opt.dcp' has been generated.
INFO: [runtcl-4] Executing : report_drc -file fcbrt_top_drc_opted.rpt -pb fcbrt_top_drc_opted.pb -rpx fcbrt_top_drc_opted.rpx
Command: report_drc -file fcbrt_top_drc_opted.rpt -pb fcbrt_top_drc_opted.pb -rpx fcbrt_top_drc_opted.rpx
INFO: [IP_Flow 19-234] Refreshing IP repositories
INFO: [IP_Flow 19-1704] No user IP repositories specified
INFO: [IP_Flow 19-2313] Loaded Vivado IP repository 'D:/Vivado/Vivado/2018.3/data/ip'.
INFO: [DRC 23-27] Running DRC with 2 threads
INFO: [Coretcl 2-168] The results of DRC are in file G:/FPU/r64_SRT_fcbrt/vivadopro/fcbrt64/fcbrt64.runs/impl_1/fcbrt_top_drc_opted.rpt.
report_drc completed successfully
Command: place_design
Attempting to get a license for feature 'Implementation' and/or device 'xc7a100t'
INFO: [Common 17-349] Got license for feature 'Implementation' and/or device 'xc7a100t'
INFO: [DRC 23-27] Running DRC with 2 threads
INFO: [Vivado_Tcl 4-198] DRC finished with 0 Errors
INFO: [Vivado_Tcl 4-199] Please refer to the DRC report (report_drc) for more information.
Running DRC as a precondition to command place_design
INFO: [DRC 23-27] Running DRC with 2 threads
INFO: [Vivado_Tcl 4-198] DRC finished with 0 Errors
INFO: [Vivado_Tcl 4-199] Please refer to the DRC report (report_drc) for more information.

Starting Placer Task
INFO: [Place 30-611] Multithreading enabled for place_design using a maximum of 2 CPUs

Phase 1 Placer Initialization

Phase 1.1 Placer Initialization Netlist Sorting
Netlist sorting complete. Time (s): cpu = 00:00:00 ; elapsed = 00:00:00.001 . Memory (MB): peak = 1340.184 ; gain = 0.000
Phase 1.1 Placer Initialization Netlist Sorting | Checksum: ca1a6f86

Time (s): cpu = 00:00:00 ; elapsed = 00:00:00.008 . Memory (MB): peak = 1340.184 ; gain = 0.000
Netlist sorting complete. Time (s): cpu = 00:00:00 ; elapsed = 00:00:00.001 . Memory (MB): peak = 1340.184 ; gain = 0.000

Phase 1.2 IO Placement/ Clock Placement/ Build Placer Device
INFO: [Timing 38-35] Done setting XDC timing constraints.
Phase 1.2 IO Placement/ Clock Placement/ Build Placer Device | Checksum: 1aa2f2a7d

Time (s): cpu = 00:00:01 ; elapsed = 00:00:00.888 . Memory (MB): peak = 1348.133 ; gain = 7.949

Phase 1.3 Build Placer Netlist Model
Phase 1.3 Build Placer Netlist Model | Checksum: 1ebad8f77

Time (s): cpu = 00:00:02 ; elapsed = 00:00:01 . Memory (MB): peak = 1376.922 ; gain = 36.738

Phase 1.4 Constrain Clocks/Macros
Phase 1.4 Constrain Clocks/Macros | Checksum: 1ebad8f77

Time (s): cpu = 00:00:02 ; elapsed = 00:00:01 . Memory (MB): peak = 1376.922 ; gain = 36.738
Phase 1 Placer Initialization | Checksum: 1ebad8f77

Time (s): cpu = 00:00:02 ; elapsed = 00:00:01 . Memory (MB): peak = 1376.922 ; gain = 36.738

Phase 2 Global Placement

Phase 2.1 Floorplanning
Phase 2.1 Floorplanning | Checksum: 1dbd20d18

Time (s): cpu = 00:00:03 ; elapsed = 00:00:02 . Memory (MB): peak = 1376.922 ; gain = 36.738

Phase 2.2 Physical Synthesis In Placer
INFO: [Physopt 32-65] No nets found for high-fanout optimization.
INFO: [Physopt 32-232] Optimized 0 net. Created 0 new instance.
INFO: [Physopt 32-775] End 1 Pass. Optimized 0 net or cell. Created 0 new cell, deleted 0 existing cell and moved 0 existing cell
INFO: [Physopt 32-456] No candidate cells for DSP register optimization found in the design.
INFO: [Physopt 32-775] End 2 Pass. Optimized 0 net or cell. Created 0 new cell, deleted 0 existing cell and moved 0 existing cell
INFO: [Physopt 32-677] No candidate cells for Shift Register optimization found in the design
INFO: [Physopt 32-775] End 1 Pass. Optimized 0 net or cell. Created 0 new cell, deleted 0 existing cell and moved 0 existing cell
INFO: [Physopt 32-526] No candidate cells for BRAM register optimization found in the design
INFO: [Physopt 32-775] End 1 Pass. Optimized 0 net or cell. Created 0 new cell, deleted 0 existing cell and moved 0 existing cell
INFO: [Physopt 32-949] No candidate nets found for HD net replication
INFO: [Physopt 32-775] End 1 Pass. Optimized 0 net or cell. Created 0 new cell, deleted 0 existing cell and moved 0 existing cell
Netlist sorting complete. Time (s): cpu = 00:00:00 ; elapsed = 00:00:00.001 . Memory (MB): peak = 1376.922 ; gain = 0.000

Summary of Physical Synthesis Optimizations
============================================


----------------------------------------------------------------------------------------------------------------------------------------
|  Optimization                  |  Added Cells  |  Removed Cells  |  Optimized Cells/Nets  |  Dont Touch  |  Iterations  |  Elapsed   |
----------------------------------------------------------------------------------------------------------------------------------------
|  Very High Fanout              |            0  |              0  |                     0  |           0  |           1  |  00:00:00  |
|  DSP Register                  |            0  |              0  |                     0  |           0  |           1  |  00:00:00  |
|  Shift Register                |            0  |              0  |                     0  |           0  |           1  |  00:00:00  |
|  BRAM Register                 |            0  |              0  |                     0  |           0  |           1  |  00:00:00  |
|  HD Interface Net Replication  |            0  |              0  |                     0  |           0  |           1  |  00:00:00  |
|  Total                         |            0  |              0  |                     0  |           0  |           5  |  00:00:00  |
----------------------------------------------------------------------------------------------------------------------------------------


Phase 2.2 Physical Synthesis In Placer | Checksum: 282f50876

Time (s): cpu = 00:00:07 ; elapsed = 00:00:05 . Memory (MB): peak = 1376.922 ; gain = 36.738
Phase 2 Global Placement | Checksum: 266ce0249

Time (s): cpu = 00:00:07 ; elapsed = 00:00:06 . Memory (MB): peak = 1376.922 ; gain = 36.738

Phase 3 Detail Placement

Phase 3.1 Commit Multi Column Macros
Phase 3.1 Commit Multi Column Macros | Checksum: 266ce0249

Time (s): cpu = 00:00:07 ; elapsed = 00:00:06 . Memory (MB): peak = 1376.922 ; gain = 36.738

Phase 3.2 Commit Most Macros & LUTRAMs
Phase 3.2 Commit Most Macros & LUTRAMs | Checksum: 1b3a85adc

Time (s): cpu = 00:00:08 ; elapsed = 00:00:06 . Memory (MB): peak = 1376.922 ; gain = 36.738

Phase 3.3 Area Swap Optimization
Phase 3.3 Area Swap Optimization | Checksum: 214b0bc13

Time (s): cpu = 00:00:08 ; elapsed = 00:00:06 . Memory (MB): peak = 1376.922 ; gain = 36.738

Phase 3.4 Pipeline Register Optimization
Phase 3.4 Pipeline Register Optimization | Checksum: 1af6464ec

Time (s): cpu = 00:00:08 ; elapsed = 00:00:06 . Memory (MB): peak = 1376.922 ; gain = 36.738

Phase 3.5 Fast Optimization
Phase 3.5 Fast Optimization | Checksum: 216661588

Time (s): cpu = 00:00:09 ; elapsed = 00:00:08 . Memory (MB): peak = 1376.922 ; gain = 36.738

Phase 3.6 Small Shape Detail Placement
Phase 3.6 Small Shape Detail Placement | Checksum: 23ab3611a

Time (s): cpu = 00:00:10 ; elapsed = 00:00:09 . Memory (MB): peak = 1376.922 ; gain = 36.738

Phase 3.7 Re-assign LUT pins
Phase 3.7 Re-assign LUT pins | Checksum: 1d113e9d6

Time (s): cpu = 00:00:11 ; elapsed = 00:00:09 . Memory (MB): peak = 1376.922 ; gain = 36.738

Phase 3.8 Pipeline Register Optimization
Phase 3.8 Pipeline Register Optimization | Checksum: 1a2132cde

Time (s): cpu = 00:00:11 ; elapsed = 00:00:09 . Memory (MB): peak = 1376.922 ; gain = 36.738

Phase 3.9 Fast Optimization
Phase 3.9 Fast Optimization | Checksum: 197fbc0d5

Time (s): cpu = 00:00:12 ; elapsed = 00:00:12 . Memory (MB): peak = 1376.922 ; gain = 36.738
Phase 3 Detail Placement | Checksum: 197fbc0d5

Time (s): cpu = 00:00:12 ; elapsed = 00:00:12 . Memory (MB): peak = 1376.922 ; gain = 36.738

Phase 4 Post Placement Optimization and Clean-Up

Phase 4.1 Post Commit Optimization
INFO: [Timing 38-35] Done setting XDC timing constraints.

Phase 4.1.1 Post Placement Optimization
Post Placement Optimization Initialization | Checksum: d1582346

Phase 4.1.1.1 BUFG Insertion
INFO: [Place 46-46] BUFG insertion identified 0 candidate nets, 0 success, 0 bufg driver replicated, 0 skipped for placement/routing, 0 skipped for timing, 0 skipped for netlist change reason
Phase 4.1.1.1 BUFG Insertion | Checksum: d1582346

Time (s): cpu = 00:00:13 ; elapsed = 00:00:12 . Memory (MB): peak = 1392.164 ; gain = 51.980
INFO: [Place 30-746] Post Placement Timing Summary WNS=-6.289. For the most accurate timing information please run report_timing.
Phase 4.1.1 Post Placement Optimization | Checksum: 1903e17c3

Time (s): cpu = 00:00:19 ; elapsed = 00:00:19 . Memory (MB): peak = 1392.238 ; gain = 52.055
Phase 4.1 Post Commit Optimization | Checksum: 1903e17c3

Time (s): cpu = 00:00:19 ; elapsed = 00:00:19 . Memory (MB): peak = 1392.238 ; gain = 52.055

Phase 4.2 Post Placement Cleanup
Phase 4.2 Post Placement Cleanup | Checksum: 1903e17c3

Time (s): cpu = 00:00:19 ; elapsed = 00:00:19 . Memory (MB): peak = 1392.238 ; gain = 52.055

Phase 4.3 Placer Reporting
Phase 4.3 Placer Reporting | Checksum: 1903e17c3

Time (s): cpu = 00:00:19 ; elapsed = 00:00:19 . Memory (MB): peak = 1392.238 ; gain = 52.055

Phase 4.4 Final Placement Cleanup
Netlist sorting complete. Time (s): cpu = 00:00:00 ; elapsed = 00:00:00.001 . Memory (MB): peak = 1392.238 ; gain = 0.000
Phase 4.4 Final Placement Cleanup | Checksum: d15a8bfc

Time (s): cpu = 00:00:20 ; elapsed = 00:00:19 . Memory (MB): peak = 1392.238 ; gain = 52.055
Phase 4 Post Placement Optimization and Clean-Up | Checksum: d15a8bfc

Time (s): cpu = 00:00:20 ; elapsed = 00:00:19 . Memory (MB): peak = 1392.238 ; gain = 52.055
Ending Placer Task | Checksum: 265d4824

Time (s): cpu = 00:00:20 ; elapsed = 00:00:19 . Memory (MB): peak = 1392.238 ; gain = 52.055
INFO: [Common 17-83] Releasing license: Implementation
55 Infos, 0 Warnings, 0 Critical Warnings and 0 Errors encountered.
place_design completed successfully
place_design: Time (s): cpu = 00:00:21 ; elapsed = 00:00:20 . Memory (MB): peak = 1392.238 ; gain = 52.055
Netlist sorting complete. Time (s): cpu = 00:00:00 ; elapsed = 00:00:00.001 . Memory (MB): peak = 1392.238 ; gain = 0.000
INFO: [Timing 38-480] Writing timing data to binary archive.
Writing placer database...
Netlist sorting complete. Time (s): cpu = 00:00:00 ; elapsed = 00:00:00.001 . Memory (MB): peak = 1399.859 ; gain = 0.000
Writing XDEF routing.
Writing XDEF routing logical nets.
Writing XDEF routing special nets.
Write XDEF Complete: Time (s): cpu = 00:00:00 ; elapsed = 00:00:00.255 . Memory (MB): peak = 1399.883 ; gain = 7.645
INFO: [Common 17-1381] The checkpoint 'G:/FPU/r64_SRT_fcbrt/vivadopro/fcbrt64/fcbrt64.runs/impl_1/fcbrt_top_placed.dcp' has been generated.
INFO: [runtcl-4] Executing : report_io -file fcbrt_top_io_placed.rpt
report_io: Time (s): cpu = 00:00:00 ; elapsed = 00:00:00.041 . Memory (MB): peak = 1399.883 ; gain = 0.000
INFO: [runtcl-4] Executing : report_utilization -file fcbrt_top_utilization_placed.rpt -pb fcbrt_top_utilization_placed.pb
INFO: [runtcl-4] Executing : report_control_sets -verbose -file fcbrt_top_control_sets_placed.rpt
report_control_sets: Time (s): cpu = 00:00:00 ; elapsed = 00:00:00.005 . Memory (MB): peak = 1399.883 ; gain = 0.000
Command: route_design
Attempting to get a license for feature 'Implementation' and/or device 'xc7a100t'
INFO: [Common 17-349] Got license for feature 'Implementation' and/or device 'xc7a100t'
Running DRC as a precondition to command route_design
INFO: [DRC 23-27] Running DRC with 2 threads
INFO: [Vivado_Tcl 4-198] DRC finished with 0 Errors
INFO: [Vivado_Tcl 4-199] Please refer to the DRC report (report_drc) for more information.


Starting Routing Task
INFO: [Route 35-254] Multithreading enabled for route_design using a maximum of 2 CPUs
Checksum: PlaceDB: 20c1fd30 ConstDB: 0 ShapeSum: 59b4af4 RouteDB: 0

Phase 1 Build RT Design
Phase 1 Build RT Design | Checksum: 5f3d3496

Time (s): cpu = 00:00:19 ; elapsed = 00:00:16 . Memory (MB): peak = 1551.406 ; gain = 151.523
Post Restoration Checksum: NetGraph: 3c169ea NumContArr: 5b7bcaac Constraints: 0 Timing: 0

Phase 2 Router Initialization

Phase 2.1 Create Timer
Phase 2.1 Create Timer | Checksum: 5f3d3496

Time (s): cpu = 00:00:19 ; elapsed = 00:00:16 . Memory (MB): peak = 1583.719 ; gain = 183.836

Phase 2.2 Fix Topology Constraints
Phase 2.2 Fix Topology Constraints | Checksum: 5f3d3496

Time (s): cpu = 00:00:19 ; elapsed = 00:00:16 . Memory (MB): peak = 1590.324 ; gain = 190.441

Phase 2.3 Pre Route Cleanup
Phase 2.3 Pre Route Cleanup | Checksum: 5f3d3496

Time (s): cpu = 00:00:19 ; elapsed = 00:00:16 . Memory (MB): peak = 1590.324 ; gain = 190.441
 Number of Nodes with overlaps = 0

Phase 2.4 Update Timing
Phase 2.4 Update Timing | Checksum: abee4622

Time (s): cpu = 00:00:20 ; elapsed = 00:00:17 . Memory (MB): peak = 1611.840 ; gain = 211.957
INFO: [Route 35-416] Intermediate Timing Summary | WNS=-5.970 | TNS=-3019.190| WHS=-0.140 | THS=-20.707|

Phase 2 Router Initialization | Checksum: 13002dc9a

Time (s): cpu = 00:00:20 ; elapsed = 00:00:17 . Memory (MB): peak = 1611.840 ; gain = 211.957

Phase 3 Initial Routing
Phase 3 Initial Routing | Checksum: 170622230

Time (s): cpu = 00:00:21 ; elapsed = 00:00:18 . Memory (MB): peak = 1619.520 ; gain = 219.637

Phase 4 Rip-up And Reroute

Phase 4.1 Global Iteration 0
 Number of Nodes with overlaps = 2569
 Number of Nodes with overlaps = 903
 Number of Nodes with overlaps = 329
 Number of Nodes with overlaps = 163
 Number of Nodes with overlaps = 54
 Number of Nodes with overlaps = 31
 Number of Nodes with overlaps = 13
 Number of Nodes with overlaps = 3
 Number of Nodes with overlaps = 3
 Number of Nodes with overlaps = 0
INFO: [Route 35-416] Intermediate Timing Summary | WNS=-6.967 | TNS=-4932.249| WHS=N/A    | THS=N/A    |

Phase 4.1 Global Iteration 0 | Checksum: 2265ff571

Time (s): cpu = 00:00:33 ; elapsed = 00:00:25 . Memory (MB): peak = 1619.520 ; gain = 219.637

Phase 4.2 Global Iteration 1
 Number of Nodes with overlaps = 410
 Number of Nodes with overlaps = 540
 Number of Nodes with overlaps = 254
 Number of Nodes with overlaps = 126
 Number of Nodes with overlaps = 83
 Number of Nodes with overlaps = 38
 Number of Nodes with overlaps = 17
 Number of Nodes with overlaps = 2
 Number of Nodes with overlaps = 0
INFO: [Route 35-416] Intermediate Timing Summary | WNS=-6.743 | TNS=-4777.781| WHS=N/A    | THS=N/A    |

Phase 4.2 Global Iteration 1 | Checksum: 27cbe3c7a

Time (s): cpu = 00:00:42 ; elapsed = 00:00:30 . Memory (MB): peak = 1619.520 ; gain = 219.637

Phase 4.3 Global Iteration 2
 Number of Nodes with overlaps = 402
 Number of Nodes with overlaps = 330
 Number of Nodes with overlaps = 186
 Number of Nodes with overlaps = 72
 Number of Nodes with overlaps = 50
 Number of Nodes with overlaps = 47
 Number of Nodes with overlaps = 38
 Number of Nodes with overlaps = 15
 Number of Nodes with overlaps = 5
 Number of Nodes with overlaps = 6
 Number of Nodes with overlaps = 6
 Number of Nodes with overlaps = 5
 Number of Nodes with overlaps = 5
 Number of Nodes with overlaps = 3
 Number of Nodes with overlaps = 4
 Number of Nodes with overlaps = 1
 Number of Nodes with overlaps = 0
INFO: [Route 35-416] Intermediate Timing Summary | WNS=-6.619 | TNS=-4576.520| WHS=N/A    | THS=N/A    |

Phase 4.3 Global Iteration 2 | Checksum: de267215

Time (s): cpu = 00:00:50 ; elapsed = 00:00:36 . Memory (MB): peak = 1619.520 ; gain = 219.637

Phase 4.4 Global Iteration 3
 Number of Nodes with overlaps = 778
 Number of Nodes with overlaps = 527
 Number of Nodes with overlaps = 275
 Number of Nodes with overlaps = 185
 Number of Nodes with overlaps = 130
 Number of Nodes with overlaps = 67
 Number of Nodes with overlaps = 40
 Number of Nodes with overlaps = 27
 Number of Nodes with overlaps = 14
 Number of Nodes with overlaps = 13
 Number of Nodes with overlaps = 11
 Number of Nodes with overlaps = 8
 Number of Nodes with overlaps = 8
 Number of Nodes with overlaps = 0
INFO: [Route 35-416] Intermediate Timing Summary | WNS=-6.631 | TNS=-4598.383| WHS=N/A    | THS=N/A    |

Phase 4.4 Global Iteration 3 | Checksum: 19258c77e

Time (s): cpu = 00:01:04 ; elapsed = 00:00:45 . Memory (MB): peak = 1619.520 ; gain = 219.637
Phase 4 Rip-up And Reroute | Checksum: 19258c77e

Time (s): cpu = 00:01:04 ; elapsed = 00:00:45 . Memory (MB): peak = 1619.520 ; gain = 219.637

Phase 5 Delay and Skew Optimization

Phase 5.1 Delay CleanUp

Phase 5.1.1 Update Timing
Phase 5.1.1 Update Timing | Checksum: 141a5d97a

Time (s): cpu = 00:01:04 ; elapsed = 00:00:45 . Memory (MB): peak = 1619.520 ; gain = 219.637
INFO: [Route 35-416] Intermediate Timing Summary | WNS=-6.613 | TNS=-4540.497| WHS=N/A    | THS=N/A    |

 Number of Nodes with overlaps = 0
Phase 5.1 Delay CleanUp | Checksum: 24f030a8e

Time (s): cpu = 00:01:04 ; elapsed = 00:00:45 . Memory (MB): peak = 1619.520 ; gain = 219.637

Phase 5.2 Clock Skew Optimization
Phase 5.2 Clock Skew Optimization | Checksum: 24f030a8e

Time (s): cpu = 00:01:04 ; elapsed = 00:00:45 . Memory (MB): peak = 1619.520 ; gain = 219.637
Phase 5 Delay and Skew Optimization | Checksum: 24f030a8e

Time (s): cpu = 00:01:04 ; elapsed = 00:00:45 . Memory (MB): peak = 1619.520 ; gain = 219.637

Phase 6 Post Hold Fix

Phase 6.1 Hold Fix Iter

Phase 6.1.1 Update Timing
Phase 6.1.1 Update Timing | Checksum: 2612bc7f2

Time (s): cpu = 00:01:05 ; elapsed = 00:00:46 . Memory (MB): peak = 1619.520 ; gain = 219.637
INFO: [Route 35-416] Intermediate Timing Summary | WNS=-6.602 | TNS=-4385.121| WHS=0.132  | THS=0.000  |

Phase 6.1 Hold Fix Iter | Checksum: 2612bc7f2

Time (s): cpu = 00:01:05 ; elapsed = 00:00:46 . Memory (MB): peak = 1619.520 ; gain = 219.637
Phase 6 Post Hold Fix | Checksum: 2612bc7f2

Time (s): cpu = 00:01:05 ; elapsed = 00:00:46 . Memory (MB): peak = 1619.520 ; gain = 219.637

Phase 7 Route finalize

Router Utilization Summary
  Global Vertical Routing Utilization    = 1.57475 %
  Global Horizontal Routing Utilization  = 2.26343 %
  Routable Net Status*
  *Does not include unroutable nets such as driverless and loadless.
  Run report_route_status for detailed report.
  Number of Failed Nets               = 0
  Number of Unrouted Nets             = 0
  Number of Partially Routed Nets     = 0
  Number of Node Overlaps             = 0

Congestion Report
North Dir 1x1 Area, Max Cong = 73.8739%, No Congested Regions.
South Dir 1x1 Area, Max Cong = 67.5676%, No Congested Regions.
East Dir 1x1 Area, Max Cong = 67.6471%, No Congested Regions.
West Dir 1x1 Area, Max Cong = 86.7647%, Congestion bounded by tiles (Lower Left Tile -> Upper Right Tile):
   INT_L_X36Y82 -> INT_L_X36Y82

------------------------------
Reporting congestion hotspots
------------------------------
Direction: North
----------------
Congested clusters found at Level 0
Effective congestion level: 0 Aspect Ratio: 1 Sparse Ratio: 0
Direction: South
----------------
Congested clusters found at Level 0
Effective congestion level: 0 Aspect Ratio: 1 Sparse Ratio: 0
Direction: East
----------------
Congested clusters found at Level 0
Effective congestion level: 0 Aspect Ratio: 1 Sparse Ratio: 0
Direction: West
----------------
Congested clusters found at Level 0
Effective congestion level: 0 Aspect Ratio: 1 Sparse Ratio: 1

Phase 7 Route finalize | Checksum: 18e505676

Time (s): cpu = 00:01:05 ; elapsed = 00:00:46 . Memory (MB): peak = 1619.520 ; gain = 219.637

Phase 8 Verifying routed nets

 Verification completed successfully
Phase 8 Verifying routed nets | Checksum: 18e505676

Time (s): cpu = 00:01:05 ; elapsed = 00:00:46 . Memory (MB): peak = 1619.520 ; gain = 219.637

Phase 9 Depositing Routes
Phase 9 Depositing Routes | Checksum: 13fca1d5c

Time (s): cpu = 00:01:05 ; elapsed = 00:00:46 . Memory (MB): peak = 1619.520 ; gain = 219.637

Phase 10 Post Router Timing
INFO: [Route 35-57] Estimated Timing Summary | WNS=-6.602 | TNS=-4385.121| WHS=0.132  | THS=0.000  |

WARNING: [Route 35-328] Router estimated timing not met.
Resolution: For a complete and accurate timing signoff, report_timing_summary must be run after route_design. Alternatively, route_design can be run with the -timing_summary option to enable a complete timing signoff at the end of route_design.
Phase 10 Post Router Timing | Checksum: 13fca1d5c

Time (s): cpu = 00:01:05 ; elapsed = 00:00:46 . Memory (MB): peak = 1619.520 ; gain = 219.637
INFO: [Route 35-16] Router Completed Successfully

Time (s): cpu = 00:01:05 ; elapsed = 00:00:46 . Memory (MB): peak = 1619.520 ; gain = 219.637

Routing Is Done.
INFO: [Common 17-83] Releasing license: Implementation
75 Infos, 1 Warnings, 0 Critical Warnings and 0 Errors encountered.
route_design completed successfully
route_design: Time (s): cpu = 00:01:05 ; elapsed = 00:00:47 . Memory (MB): peak = 1619.520 ; gain = 219.637
Netlist sorting complete. Time (s): cpu = 00:00:00 ; elapsed = 00:00:00.001 . Memory (MB): peak = 1619.520 ; gain = 0.000
INFO: [Timing 38-480] Writing timing data to binary archive.
Writing placer database...
Netlist sorting complete. Time (s): cpu = 00:00:00 ; elapsed = 00:00:00 . Memory (MB): peak = 1619.520 ; gain = 0.000
Writing XDEF routing.
Writing XDEF routing logical nets.
Writing XDEF routing special nets.
Write XDEF Complete: Time (s): cpu = 00:00:01 ; elapsed = 00:00:00.325 . Memory (MB): peak = 1619.520 ; gain = 0.000
INFO: [Common 17-1381] The checkpoint 'G:/FPU/r64_SRT_fcbrt/vivadopro/fcbrt64/fcbrt64.runs/impl_1/fcbrt_top_routed.dcp' has been generated.
INFO: [runtcl-4] Executing : report_drc -file fcbrt_top_drc_routed.rpt -pb fcbrt_top_drc_routed.pb -rpx fcbrt_top_drc_routed.rpx
Command: report_drc -file fcbrt_top_drc_routed.rpt -pb fcbrt_top_drc_routed.pb -rpx fcbrt_top_drc_routed.rpx
INFO: [IP_Flow 19-1839] IP Catalog is up to date.
INFO: [DRC 23-27] Running DRC with 2 threads
INFO: [Coretcl 2-168] The results of DRC are in file G:/FPU/r64_SRT_fcbrt/vivadopro/fcbrt64/fcbrt64.runs/impl_1/fcbrt_top_drc_routed.rpt.
report_drc completed successfully
INFO: [runtcl-4] Executing : report_methodology -file fcbrt_top_methodology_drc_routed.rpt -pb fcbrt_top_methodology_drc_routed.pb -rpx fcbrt_top_methodology_drc_routed.rpx
Command: report_methodology -file fcbrt_top_methodology_drc_routed.rpt -pb fcbrt_top_methodology_drc_routed.pb -rpx fcbrt_top_methodology_drc_routed.rpx
INFO: [Timing 38-35] Done setting XDC timing constraints.
INFO: [DRC 23-133] Running Methodology with 2 threads
INFO: [Coretcl 2-1520] The results of Report Methodology are in file G:/FPU/r64_SRT_fcbrt/vivadopro/fcbrt64/fcbrt64.runs/impl_1/fcbrt_top_methodology_drc_routed.rpt.
report_methodology completed successfully
INFO: [runtcl-4] Executing : report_power -file fcbrt_top_power_routed.rpt -pb fcbrt_top_power_summary_routed.pb -rpx fcbrt_top_power_routed.rpx
Command: report_power -file fcbrt_top_power_routed.rpt -pb fcbrt_top_power_summary_routed.pb -rpx fcbrt_top_power_routed.rpx
INFO: [Timing 38-35] Done setting XDC timing constraints.
Running Vector-less Activity Propagation...

Finished Running Vector-less Activity Propagation
87 Infos, 1 Warnings, 0 Critical Warnings and 0 Errors encountered.
report_power completed successfully
INFO: [runtcl-4] Executing : report_route_status -file fcbrt_top_route_status.rpt -pb fcbrt_top_route_status.pb
INFO: [runtcl-4] Executing : report_timing_summary -max_paths 10 -file fcbrt_top_timing_summary_routed.rpt -pb fcbrt_top_timing_summary_routed.pb -rpx fcbrt_top_timing_summary_routed.rpx -warn_on_violation 
INFO: [Timing 38-91] UpdateTimingParams: Speed grade: -3, Delay Type: min_max.
INFO: [Timing 38-191] Multithreading enabled for timing update using a maximum of 2 CPUs
CRITICAL WARNING: [Timing 38-282] The design failed to meet the timing requirements. Please see the timing summary report for details on the timing violations.
INFO: [runtcl-4] Executing : report_incremental_reuse -file fcbrt_top_incremental_reuse_routed.rpt
INFO: [Vivado_Tcl 4-1062] Incremental flow is disabled. No incremental reuse Info to report.
INFO: [runtcl-4] Executing : report_clock_utilization -file fcbrt_top_clock_utilization_routed.rpt
INFO: [runtcl-4] Executing : report_bus_skew -warn_on_violation -file fcbrt_top_bus_skew_routed.rpt -pb fcbrt_top_bus_skew_routed.pb -rpx fcbrt_top_bus_skew_routed.rpx
INFO: [Timing 38-91] UpdateTimingParams: Speed grade: -3, Delay Type: min_max.
INFO: [Timing 38-191] Multithreading enabled for timing update using a maximum of 2 CPUs
INFO: [Common 17-206] Exiting Vivado at Thu Mar 26 21:14:07 2026...
