
*** Running vivado
    with args -log fcbrt_top.vds -m64 -product Vivado -mode batch -messageDb vivado.pb -notrace -source fcbrt_top.tcl


****** Vivado v2018.3 (64-bit)
  **** SW Build 2405991 on Thu Dec  6 23:38:27 MST 2018
  **** IP Build 2404404 on Fri Dec  7 01:43:56 MST 2018
    ** Copyright 1986-2018 Xilinx, Inc. All Rights Reserved.

source fcbrt_top.tcl -notrace
Command: synth_design -top fcbrt_top -part xc7a100tcsg324-3
Starting synth_design
Attempting to get a license for feature 'Synthesis' and/or device 'xc7a100t'
INFO: [Common 17-349] Got license for feature 'Synthesis' and/or device 'xc7a100t'
INFO: Launching helper process for spawning children vivado processes
INFO: Helper process launched with PID 17912 
---------------------------------------------------------------------------------
Starting RTL Elaboration : Time (s): cpu = 00:00:01 ; elapsed = 00:00:01 . Memory (MB): peak = 432.285 ; gain = 99.582
---------------------------------------------------------------------------------
INFO: [Synth 8-6157] synthesizing module 'fcbrt_top' [G:/FPU/r64_SRT_fcbrt/src/fcbrt_top.sv:3]
INFO: [Synth 8-6157] synthesizing module 'fcbrt_preprocess' [G:/FPU/r64_SRT_fcbrt/src/fcbrt_preprocess.sv:3]
INFO: [Synth 8-226] default block is never used [G:/FPU/r64_SRT_fcbrt/src/fcbrt_preprocess.sv:38]
INFO: [Synth 8-6157] synthesizing module 'lzc' [G:/FPU/r64_SRT_fcbrt/src/common_cells/lzc.sv:17]
	Parameter WIDTH bound to: 32'b00000000000000000000000000110100 
	Parameter MODE bound to: 1'b1 
	Parameter CNT_WIDTH bound to: 32'b00000000000000000000000000000110 
INFO: [Synth 8-6155] done synthesizing module 'lzc' (1#1) [G:/FPU/r64_SRT_fcbrt/src/common_cells/lzc.sv:17]
WARNING: [Synth 8-87] always_comb on 'exp_operand_reg' did not result in combinational logic [G:/FPU/r64_SRT_fcbrt/src/fcbrt_preprocess.sv:47]
WARNING: [Synth 8-87] always_comb on 'mant_operand_nonh_reg' did not result in combinational logic [G:/FPU/r64_SRT_fcbrt/src/fcbrt_preprocess.sv:48]
INFO: [Synth 8-6155] done synthesizing module 'fcbrt_preprocess' (2#1) [G:/FPU/r64_SRT_fcbrt/src/fcbrt_preprocess.sv:3]
INFO: [Synth 8-6157] synthesizing module 'fcbrt_core' [G:/FPU/r64_SRT_fcbrt/src/fcbrt_core.sv:3]
INFO: [Synth 8-6157] synthesizing module 'fcbrt_ML_PLAC' [G:/FPU/r64_SRT_fcbrt/src/fcbrt_ML_PLAC.sv:1]
INFO: [Synth 8-6157] synthesizing module 'CLA_15bit' [G:/FPU/r64_SRT_fcbrt/src/common_cells/CLA_15bit.sv:1]
INFO: [Synth 8-6155] done synthesizing module 'CLA_15bit' (3#1) [G:/FPU/r64_SRT_fcbrt/src/common_cells/CLA_15bit.sv:1]
INFO: [Synth 8-6155] done synthesizing module 'fcbrt_ML_PLAC' (4#1) [G:/FPU/r64_SRT_fcbrt/src/fcbrt_ML_PLAC.sv:1]
INFO: [Synth 8-6157] synthesizing module 'fcbrt_Ssel' [G:/FPU/r64_SRT_fcbrt/src/fcbrt_Ssel.sv:1]
INFO: [Synth 8-6155] done synthesizing module 'fcbrt_Ssel' (5#1) [G:/FPU/r64_SRT_fcbrt/src/fcbrt_Ssel.sv:1]
INFO: [Synth 8-6157] synthesizing module 'fcbrt_S_SM_r4' [G:/FPU/r64_SRT_fcbrt/src/fcbrt_S_SM_r4.sv:1]
INFO: [Synth 8-6155] done synthesizing module 'fcbrt_S_SM_r4' (6#1) [G:/FPU/r64_SRT_fcbrt/src/fcbrt_S_SM_r4.sv:1]
INFO: [Synth 8-6157] synthesizing module 'fcbrt_Ssquare_r4' [G:/FPU/r64_SRT_fcbrt/src/fcbrt_Ssquare_r4.sv:1]
INFO: [Synth 8-6157] synthesizing module 'CSA4_2' [G:/FPU/r64_SRT_fcbrt/src/common_cells/CSA4_2.sv:1]
	Parameter W bound to: 113 - type: integer 
INFO: [Synth 8-6155] done synthesizing module 'CSA4_2' (7#1) [G:/FPU/r64_SRT_fcbrt/src/common_cells/CSA4_2.sv:1]
INFO: [Synth 8-6155] done synthesizing module 'fcbrt_Ssquare_r4' (8#1) [G:/FPU/r64_SRT_fcbrt/src/fcbrt_Ssquare_r4.sv:1]
INFO: [Synth 8-6157] synthesizing module 'fcbrt_Residual_r4' [G:/FPU/r64_SRT_fcbrt/src/fcbrt_Residual_r4.sv:1]
INFO: [Synth 8-6157] synthesizing module 'CSA4_2__parameterized0' [G:/FPU/r64_SRT_fcbrt/src/common_cells/CSA4_2.sv:1]
	Parameter W bound to: 117 - type: integer 
INFO: [Synth 8-6155] done synthesizing module 'CSA4_2__parameterized0' (8#1) [G:/FPU/r64_SRT_fcbrt/src/common_cells/CSA4_2.sv:1]
INFO: [Synth 8-6155] done synthesizing module 'fcbrt_Residual_r4' (9#1) [G:/FPU/r64_SRT_fcbrt/src/fcbrt_Residual_r4.sv:1]
INFO: [Synth 8-6157] synthesizing module 'fcbrt_udiv3' [G:/FPU/r64_SRT_fcbrt/src/common_cells/fcbrt_udiv3.sv:1]
	Parameter W bound to: 32'sb00000000000000000000000000001011 
	Parameter MW bound to: 21 - type: integer 
INFO: [Synth 8-6155] done synthesizing module 'fcbrt_udiv3' (10#1) [G:/FPU/r64_SRT_fcbrt/src/common_cells/fcbrt_udiv3.sv:1]
WARNING: [Synth 8-5788] Register s_sel_Reg_reg in module fcbrt_core is has both Set and reset with same priority. This may cause simulation mismatches. Consider rewriting code  [G:/FPU/r64_SRT_fcbrt/src/fcbrt_core.sv:418]
INFO: [Synth 8-6155] done synthesizing module 'fcbrt_core' (11#1) [G:/FPU/r64_SRT_fcbrt/src/fcbrt_core.sv:3]
INFO: [Synth 8-6157] synthesizing module 'fcbrt_postprocess' [G:/FPU/r64_SRT_fcbrt/src/fcbrt_postprocess.sv:3]
INFO: [Synth 8-6155] done synthesizing module 'fcbrt_postprocess' (12#1) [G:/FPU/r64_SRT_fcbrt/src/fcbrt_postprocess.sv:3]
INFO: [Synth 8-6155] done synthesizing module 'fcbrt_top' (13#1) [G:/FPU/r64_SRT_fcbrt/src/fcbrt_top.sv:3]
WARNING: [Synth 8-3331] design fcbrt_postprocess has unconnected port fmt_sel_i
WARNING: [Synth 8-3331] design fcbrt_postprocess has unconnected port rm_i[2]
WARNING: [Synth 8-3331] design fcbrt_postprocess has unconnected port rm_i[1]
WARNING: [Synth 8-3331] design fcbrt_postprocess has unconnected port rm_i[0]
---------------------------------------------------------------------------------
Finished RTL Elaboration : Time (s): cpu = 00:00:01 ; elapsed = 00:00:02 . Memory (MB): peak = 505.660 ; gain = 172.957
---------------------------------------------------------------------------------

Report Check Netlist: 
+------+------------------+-------+---------+-------+------------------+
|      |Item              |Errors |Warnings |Status |Description       |
+------+------------------+-------+---------+-------+------------------+
|1     |multi_driven_nets |      0|        0|Passed |Multi driven nets |
+------+------------------+-------+---------+-------+------------------+
---------------------------------------------------------------------------------
Start Handling Custom Attributes
---------------------------------------------------------------------------------
---------------------------------------------------------------------------------
Finished Handling Custom Attributes : Time (s): cpu = 00:00:02 ; elapsed = 00:00:02 . Memory (MB): peak = 505.660 ; gain = 172.957
---------------------------------------------------------------------------------
---------------------------------------------------------------------------------
Finished RTL Optimization Phase 1 : Time (s): cpu = 00:00:02 ; elapsed = 00:00:02 . Memory (MB): peak = 505.660 ; gain = 172.957
---------------------------------------------------------------------------------
INFO: [Device 21-403] Loading part xc7a100tcsg324-3
INFO: [Project 1-570] Preparing netlist for logic optimization

Processing XDC Constraints
Initializing timing engine
Parsing XDC File [G:/FPU/r64_SRT_fcbrt/vivadopro/fcbrt64/fcbrt64.srcs/constrs_1/new/ff.xdc]
Finished Parsing XDC File [G:/FPU/r64_SRT_fcbrt/vivadopro/fcbrt64/fcbrt64.srcs/constrs_1/new/ff.xdc]
Completed Processing XDC Constraints

Netlist sorting complete. Time (s): cpu = 00:00:00 ; elapsed = 00:00:00.001 . Memory (MB): peak = 903.043 ; gain = 0.000
INFO: [Project 1-111] Unisim Transformation Summary:
No Unisim elements were transformed.

Netlist sorting complete. Time (s): cpu = 00:00:00 ; elapsed = 00:00:00.001 . Memory (MB): peak = 903.164 ; gain = 0.000
Constraint Validation Runtime : Time (s): cpu = 00:00:00 ; elapsed = 00:00:00.055 . Memory (MB): peak = 903.164 ; gain = 0.121
---------------------------------------------------------------------------------
Finished Constraint Validation : Time (s): cpu = 00:00:07 ; elapsed = 00:00:09 . Memory (MB): peak = 903.164 ; gain = 570.461
---------------------------------------------------------------------------------
---------------------------------------------------------------------------------
Start Loading Part and Timing Information
---------------------------------------------------------------------------------
Loading part: xc7a100tcsg324-3
---------------------------------------------------------------------------------
Finished Loading Part and Timing Information : Time (s): cpu = 00:00:07 ; elapsed = 00:00:09 . Memory (MB): peak = 903.164 ; gain = 570.461
---------------------------------------------------------------------------------
---------------------------------------------------------------------------------
Start Applying 'set_property' XDC Constraints
---------------------------------------------------------------------------------
---------------------------------------------------------------------------------
Finished applying 'set_property' XDC Constraints : Time (s): cpu = 00:00:07 ; elapsed = 00:00:09 . Memory (MB): peak = 903.164 ; gain = 570.461
---------------------------------------------------------------------------------
INFO: [Synth 8-5546] ROM "mod3_o" won't be mapped to RAM because it is too sparse
INFO: [Synth 8-5546] ROM "bq" won't be mapped to RAM because it is too sparse
INFO: [Synth 8-5544] ROM "S_sel_o" won't be mapped to Block RAM because address size (1) smaller than threshold (5)
INFO: [Synth 8-5544] ROM "S_sel_o" won't be mapped to Block RAM because address size (1) smaller than threshold (5)
INFO: [Synth 8-5544] ROM "S_sel_o" won't be mapped to Block RAM because address size (1) smaller than threshold (5)
INFO: [Synth 8-5544] ROM "m1_pos" won't be mapped to Block RAM because address size (1) smaller than threshold (5)
WARNING: [Synth 8-327] inferring latch for variable 'exp_operand_reg' [G:/FPU/r64_SRT_fcbrt/src/fcbrt_preprocess.sv:47]
WARNING: [Synth 8-327] inferring latch for variable 'mant_operand_nonh_reg' [G:/FPU/r64_SRT_fcbrt/src/fcbrt_preprocess.sv:48]
---------------------------------------------------------------------------------
Finished RTL Optimization Phase 2 : Time (s): cpu = 00:00:08 ; elapsed = 00:00:10 . Memory (MB): peak = 903.164 ; gain = 570.461
---------------------------------------------------------------------------------

Report RTL Partitions: 
+------+-----------------------+------------+----------+
|      |RTL Partition          |Replication |Instances |
+------+-----------------------+------------+----------+
|1     |fcbrt_Residual_r4__GB0 |           1|     30857|
|2     |fcbrt_Residual_r4__GB1 |           1|     18491|
|3     |fcbrt_core__GCB0       |           1|     20839|
|4     |fcbrt_core__GCB1       |           1|     19272|
|5     |fcbrt_top__GC0         |           1|      1928|
+------+-----------------------+------------+----------+
---------------------------------------------------------------------------------
Start RTL Component Statistics 
---------------------------------------------------------------------------------
Detailed RTL Component Info : 
+---Adders : 
	   3 Input    117 Bit       Adders := 1     
	   2 Input    114 Bit       Adders := 1     
	   2 Input     96 Bit       Adders := 1     
	   2 Input     57 Bit       Adders := 1     
	   3 Input     56 Bit       Adders := 1     
	   6 Input     21 Bit       Adders := 1     
	   2 Input     15 Bit       Adders := 19    
	   2 Input     11 Bit       Adders := 4     
	   2 Input      9 Bit       Adders := 6     
	   2 Input      5 Bit       Adders := 1     
	  12 Input      4 Bit       Adders := 1     
+---XORs : 
	   3 Input    117 Bit         XORs := 8     
	   3 Input    113 Bit         XORs := 2     
	   2 Input     15 Bit         XORs := 3     
	   2 Input      1 Bit         XORs := 45    
+---Registers : 
	              117 Bit    Registers := 2     
	              113 Bit    Registers := 4     
	               64 Bit    Registers := 1     
	               57 Bit    Registers := 2     
	               56 Bit    Registers := 1     
	               11 Bit    Registers := 3     
	                6 Bit    Registers := 1     
	                5 Bit    Registers := 1     
	                3 Bit    Registers := 2     
	                2 Bit    Registers := 1     
	                1 Bit    Registers := 12    
+---Muxes : 
	   6 Input    117 Bit        Muxes := 72    
	   7 Input    117 Bit        Muxes := 1     
	   2 Input    117 Bit        Muxes := 2     
	   2 Input    113 Bit        Muxes := 5     
	   6 Input    113 Bit        Muxes := 24    
	   6 Input     95 Bit        Muxes := 1     
	   6 Input     91 Bit        Muxes := 1     
	   6 Input     87 Bit        Muxes := 1     
	   6 Input     83 Bit        Muxes := 1     
	   6 Input     79 Bit        Muxes := 1     
	   6 Input     75 Bit        Muxes := 1     
	   6 Input     71 Bit        Muxes := 1     
	   6 Input     67 Bit        Muxes := 1     
	   2 Input     64 Bit        Muxes := 1     
	   8 Input     64 Bit        Muxes := 1     
	   6 Input     63 Bit        Muxes := 1     
	   6 Input     59 Bit        Muxes := 1     
	   2 Input     57 Bit        Muxes := 3     
	   4 Input     56 Bit        Muxes := 2     
	   2 Input     56 Bit        Muxes := 1     
	   6 Input     55 Bit        Muxes := 1     
	   2 Input     53 Bit        Muxes := 1     
	   2 Input     52 Bit        Muxes := 1     
	   6 Input     51 Bit        Muxes := 1     
	   6 Input     47 Bit        Muxes := 1     
	   6 Input     43 Bit        Muxes := 1     
	   6 Input     39 Bit        Muxes := 1     
	   6 Input     35 Bit        Muxes := 1     
	   6 Input     31 Bit        Muxes := 1     
	   6 Input     27 Bit        Muxes := 1     
	   6 Input     23 Bit        Muxes := 1     
	   6 Input     19 Bit        Muxes := 1     
	   6 Input     15 Bit        Muxes := 1     
	   2 Input     14 Bit        Muxes := 1     
	  20 Input     14 Bit        Muxes := 1     
	   4 Input     14 Bit        Muxes := 1     
	   8 Input     12 Bit        Muxes := 1     
	   2 Input     11 Bit        Muxes := 9     
	   3 Input     11 Bit        Muxes := 1     
	   6 Input     11 Bit        Muxes := 1     
	   2 Input      9 Bit        Muxes := 1     
	   6 Input      7 Bit        Muxes := 1     
	   8 Input      6 Bit        Muxes := 1     
	   9 Input      6 Bit        Muxes := 1     
	   2 Input      6 Bit        Muxes := 4     
	   6 Input      6 Bit        Muxes := 1     
	   2 Input      5 Bit        Muxes := 5     
	   4 Input      5 Bit        Muxes := 1     
	   8 Input      5 Bit        Muxes := 1     
	   9 Input      5 Bit        Muxes := 1     
	   2 Input      4 Bit        Muxes := 1     
	   9 Input      4 Bit        Muxes := 1     
	  25 Input      3 Bit        Muxes := 1     
	   6 Input      3 Bit        Muxes := 2     
	   2 Input      3 Bit        Muxes := 6     
	   5 Input      3 Bit        Muxes := 1     
	   2 Input      2 Bit        Muxes := 3     
	   3 Input      2 Bit        Muxes := 1     
	   4 Input      2 Bit        Muxes := 1     
	   8 Input      2 Bit        Muxes := 1     
	   2 Input      1 Bit        Muxes := 11    
	  25 Input      1 Bit        Muxes := 1     
	   6 Input      1 Bit        Muxes := 1     
---------------------------------------------------------------------------------
Finished RTL Component Statistics 
---------------------------------------------------------------------------------
---------------------------------------------------------------------------------
Start RTL Hierarchical Component Statistics 
---------------------------------------------------------------------------------
Hierarchical RTL Component report 
Module CSA4_2__parameterized0__1 
Detailed RTL Component Info : 
+---XORs : 
	   3 Input    117 Bit         XORs := 2     
Module CSA4_2__parameterized0__2 
Detailed RTL Component Info : 
+---XORs : 
	   3 Input    117 Bit         XORs := 2     
Module CSA4_2__parameterized0__3 
Detailed RTL Component Info : 
+---XORs : 
	   3 Input    117 Bit         XORs := 2     
Module CSA4_2__parameterized0 
Detailed RTL Component Info : 
+---XORs : 
	   3 Input    117 Bit         XORs := 2     
Module fcbrt_Residual_r4 
Detailed RTL Component Info : 
+---Muxes : 
	   6 Input    117 Bit        Muxes := 72    
	  25 Input      3 Bit        Muxes := 1     
	   6 Input      3 Bit        Muxes := 1     
Module fcbrt_Ssel 
Detailed RTL Component Info : 
+---Muxes : 
	   2 Input      5 Bit        Muxes := 2     
	   4 Input      5 Bit        Muxes := 1     
	   2 Input      4 Bit        Muxes := 1     
	   2 Input      3 Bit        Muxes := 5     
	   2 Input      2 Bit        Muxes := 3     
Module fcbrt_udiv3 
Detailed RTL Component Info : 
+---Adders : 
	   6 Input     21 Bit       Adders := 1     
Module CSA4_2 
Detailed RTL Component Info : 
+---XORs : 
	   3 Input    113 Bit         XORs := 2     
Module fcbrt_Ssquare_r4 
Detailed RTL Component Info : 
+---Adders : 
	   2 Input     96 Bit       Adders := 1     
+---Muxes : 
	   6 Input    113 Bit        Muxes := 24    
	   2 Input    113 Bit        Muxes := 1     
	   6 Input     95 Bit        Muxes := 1     
	   6 Input     91 Bit        Muxes := 1     
	   6 Input     87 Bit        Muxes := 1     
	   6 Input     83 Bit        Muxes := 1     
	   6 Input     79 Bit        Muxes := 1     
	   6 Input     75 Bit        Muxes := 1     
	   6 Input     71 Bit        Muxes := 1     
	   6 Input     67 Bit        Muxes := 1     
	   6 Input     63 Bit        Muxes := 1     
	   6 Input     59 Bit        Muxes := 1     
	   6 Input     55 Bit        Muxes := 1     
	   6 Input     51 Bit        Muxes := 1     
	   6 Input     47 Bit        Muxes := 1     
	   6 Input     43 Bit        Muxes := 1     
	   6 Input     39 Bit        Muxes := 1     
	   6 Input     35 Bit        Muxes := 1     
	   6 Input     31 Bit        Muxes := 1     
	   6 Input     27 Bit        Muxes := 1     
	   6 Input     23 Bit        Muxes := 1     
	   6 Input     19 Bit        Muxes := 1     
	   6 Input     15 Bit        Muxes := 1     
	   6 Input     11 Bit        Muxes := 1     
	   6 Input      7 Bit        Muxes := 1     
	   6 Input      3 Bit        Muxes := 1     
	  25 Input      1 Bit        Muxes := 1     
	   6 Input      1 Bit        Muxes := 1     
Module CLA_15bit__1 
Detailed RTL Component Info : 
+---XORs : 
	   2 Input     15 Bit         XORs := 1     
	   2 Input      1 Bit         XORs := 15    
Module CLA_15bit__2 
Detailed RTL Component Info : 
+---XORs : 
	   2 Input     15 Bit         XORs := 1     
	   2 Input      1 Bit         XORs := 15    
Module CLA_15bit 
Detailed RTL Component Info : 
+---XORs : 
	   2 Input     15 Bit         XORs := 1     
	   2 Input      1 Bit         XORs := 15    
Module fcbrt_ML_PLAC 
Detailed RTL Component Info : 
+---Adders : 
	   2 Input     15 Bit       Adders := 19    
+---Muxes : 
	  20 Input     14 Bit        Muxes := 1     
	   4 Input     14 Bit        Muxes := 1     
	   8 Input     12 Bit        Muxes := 1     
	   2 Input     11 Bit        Muxes := 1     
Module fcbrt_core 
Detailed RTL Component Info : 
+---Adders : 
	   3 Input    117 Bit       Adders := 1     
	   2 Input    114 Bit       Adders := 1     
	   3 Input     56 Bit       Adders := 1     
	   2 Input     11 Bit       Adders := 3     
	   2 Input      9 Bit       Adders := 6     
	   2 Input      5 Bit       Adders := 1     
+---Registers : 
	              117 Bit    Registers := 2     
	              113 Bit    Registers := 4     
	               57 Bit    Registers := 2     
	               11 Bit    Registers := 2     
	                5 Bit    Registers := 1     
	                3 Bit    Registers := 1     
	                1 Bit    Registers := 3     
+---Muxes : 
	   7 Input    117 Bit        Muxes := 1     
	   2 Input    117 Bit        Muxes := 2     
	   2 Input    113 Bit        Muxes := 4     
	   2 Input     57 Bit        Muxes := 3     
	   2 Input     14 Bit        Muxes := 1     
	   2 Input     11 Bit        Muxes := 5     
	   3 Input     11 Bit        Muxes := 1     
	   2 Input      9 Bit        Muxes := 1     
	   2 Input      5 Bit        Muxes := 2     
	   2 Input      3 Bit        Muxes := 1     
	   2 Input      1 Bit        Muxes := 5     
Module lzc 
Detailed RTL Component Info : 
+---Muxes : 
	   8 Input      6 Bit        Muxes := 1     
	   9 Input      6 Bit        Muxes := 1     
	   2 Input      6 Bit        Muxes := 1     
	   6 Input      6 Bit        Muxes := 1     
	   8 Input      5 Bit        Muxes := 1     
	   9 Input      5 Bit        Muxes := 1     
	   2 Input      5 Bit        Muxes := 1     
	   9 Input      4 Bit        Muxes := 1     
	   5 Input      3 Bit        Muxes := 1     
	   3 Input      2 Bit        Muxes := 1     
	   2 Input      1 Bit        Muxes := 1     
Module fcbrt_preprocess 
Detailed RTL Component Info : 
+---Adders : 
	  12 Input      4 Bit       Adders := 1     
+---Registers : 
	               56 Bit    Registers := 1     
	               11 Bit    Registers := 1     
	                6 Bit    Registers := 1     
	                3 Bit    Registers := 1     
	                2 Bit    Registers := 1     
	                1 Bit    Registers := 8     
+---Muxes : 
	   4 Input     56 Bit        Muxes := 2     
	   2 Input     56 Bit        Muxes := 1     
	   2 Input     53 Bit        Muxes := 1     
	   2 Input     11 Bit        Muxes := 3     
	   2 Input      6 Bit        Muxes := 3     
	   4 Input      2 Bit        Muxes := 1     
	   8 Input      2 Bit        Muxes := 1     
	   2 Input      1 Bit        Muxes := 5     
Module fcbrt_postprocess 
Detailed RTL Component Info : 
+---Adders : 
	   2 Input     57 Bit       Adders := 1     
	   2 Input     11 Bit       Adders := 1     
+---Registers : 
	               64 Bit    Registers := 1     
	                1 Bit    Registers := 1     
+---Muxes : 
	   2 Input     64 Bit        Muxes := 1     
	   8 Input     64 Bit        Muxes := 1     
	   2 Input     52 Bit        Muxes := 1     
---------------------------------------------------------------------------------
Finished RTL Hierarchical Component Statistics
---------------------------------------------------------------------------------
---------------------------------------------------------------------------------
Start Part Resource Summary
---------------------------------------------------------------------------------
Part Resources:
DSPs: 240 (col length:80)
BRAMs: 270 (col length: RAMB18 80 RAMB36 40)
---------------------------------------------------------------------------------
Finished Part Resource Summary
---------------------------------------------------------------------------------
---------------------------------------------------------------------------------
Start Cross Boundary and Area Optimization
---------------------------------------------------------------------------------
Warning: Parallel synthesis criteria is not met 
INFO: [Synth 8-5546] ROM "bq" won't be mapped to RAM because it is too sparse
Why this net has no driver: _order_recur <const0>
INFO: [Synth 8-3333] propagating constant 0 across sequential element (u_fcbrt_corei_4/\S_Square_c_Reg_reg[0] )
INFO: [Synth 8-3333] propagating constant 0 across sequential element (i_0/\u_fcbrt_preprocess/mant_norm_P_reg[55] )
INFO: [Synth 8-3886] merging instance 'u_fcbrt_corei_4/Residual_c_Reg_reg[0]' (FDCE) to 'u_fcbrt_corei_4/Residual_s_Reg_reg[0]'
INFO: [Synth 8-3886] merging instance 'u_fcbrt_corei_4/Residual_c_Reg_reg[1]' (FDCE) to 'u_fcbrt_corei_4/Residual_s_Reg_reg[0]'
INFO: [Synth 8-3886] merging instance 'u_fcbrt_corei_4/Residual_c_Reg_reg[2]' (FDCE) to 'u_fcbrt_corei_4/Residual_s_Reg_reg[0]'
INFO: [Synth 8-3886] merging instance 'u_fcbrt_corei_4/Residual_s_Reg_reg[0]' (FDCE) to 'u_fcbrt_corei_4/Residual_s_Reg_reg[1]'
INFO: [Synth 8-3333] propagating constant 0 across sequential element (u_fcbrt_corei_4/\Residual_s_Reg_reg[1] )
---------------------------------------------------------------------------------
Finished Cross Boundary and Area Optimization : Time (s): cpu = 00:00:44 ; elapsed = 00:00:47 . Memory (MB): peak = 940.066 ; gain = 607.363
---------------------------------------------------------------------------------
---------------------------------------------------------------------------------
Start ROM, RAM, DSP and Shift Register Reporting
---------------------------------------------------------------------------------

ROM:
+------------+------------+---------------+----------------+
|Module Name | RTL Object | Depth x Width | Implemented As | 
+------------+------------+---------------+----------------+
|fcbrt_core  | init_cb_o  | 256x25        | LUT            | 
|fcbrt_core  | init_sq_o  | 256x17        | LUT            | 
|fcbrt_top   | init_cb_o  | 256x25        | LUT            | 
|fcbrt_top   | init_sq_o  | 256x17        | LUT            | 
+------------+------------+---------------+----------------+

---------------------------------------------------------------------------------
Finished ROM, RAM, DSP and Shift Register Reporting
---------------------------------------------------------------------------------

Report RTL Partitions: 
+------+-----------------------+------------+----------+
|      |RTL Partition          |Replication |Instances |
+------+-----------------------+------------+----------+
|1     |fcbrt_Residual_r4__GB0 |           1|       824|
|2     |fcbrt_Residual_r4__GB1 |           1|      7524|
|3     |fcbrt_core__GCB0       |           1|      2169|
|4     |fcbrt_core__GCB1       |           1|      5498|
|5     |fcbrt_top__GC0         |           1|      1547|
+------+-----------------------+------------+----------+
---------------------------------------------------------------------------------
Start Applying XDC Timing Constraints
---------------------------------------------------------------------------------
---------------------------------------------------------------------------------
Finished Applying XDC Timing Constraints : Time (s): cpu = 00:00:48 ; elapsed = 00:00:51 . Memory (MB): peak = 940.066 ; gain = 607.363
---------------------------------------------------------------------------------
---------------------------------------------------------------------------------
Start Timing Optimization
---------------------------------------------------------------------------------
---------------------------------------------------------------------------------
Finished Timing Optimization : Time (s): cpu = 00:01:16 ; elapsed = 00:01:19 . Memory (MB): peak = 1145.051 ; gain = 812.348
---------------------------------------------------------------------------------

Report RTL Partitions: 
+------+--------------+------------+----------+
|      |RTL Partition |Replication |Instances |
+------+--------------+------------+----------+
|1     |fcbrt_top_GT0 |           1|     17588|
+------+--------------+------------+----------+
---------------------------------------------------------------------------------
Start Technology Mapping
---------------------------------------------------------------------------------
---------------------------------------------------------------------------------
Finished Technology Mapping : Time (s): cpu = 00:01:19 ; elapsed = 00:01:22 . Memory (MB): peak = 1150.480 ; gain = 817.777
---------------------------------------------------------------------------------

Report RTL Partitions: 
+-+--------------+------------+----------+
| |RTL Partition |Replication |Instances |
+-+--------------+------------+----------+
+-+--------------+------------+----------+
---------------------------------------------------------------------------------
Start IO Insertion
---------------------------------------------------------------------------------
---------------------------------------------------------------------------------
Start Flattening Before IO Insertion
---------------------------------------------------------------------------------
---------------------------------------------------------------------------------
Finished Flattening Before IO Insertion
---------------------------------------------------------------------------------
---------------------------------------------------------------------------------
Start Final Netlist Cleanup
---------------------------------------------------------------------------------
---------------------------------------------------------------------------------
Finished Final Netlist Cleanup
---------------------------------------------------------------------------------
---------------------------------------------------------------------------------
Finished IO Insertion : Time (s): cpu = 00:01:19 ; elapsed = 00:01:23 . Memory (MB): peak = 1150.480 ; gain = 817.777
---------------------------------------------------------------------------------

Report Check Netlist: 
+------+------------------+-------+---------+-------+------------------+
|      |Item              |Errors |Warnings |Status |Description       |
+------+------------------+-------+---------+-------+------------------+
|1     |multi_driven_nets |      0|        0|Passed |Multi driven nets |
+------+------------------+-------+---------+-------+------------------+
---------------------------------------------------------------------------------
Start Renaming Generated Instances
---------------------------------------------------------------------------------
---------------------------------------------------------------------------------
Finished Renaming Generated Instances : Time (s): cpu = 00:01:19 ; elapsed = 00:01:23 . Memory (MB): peak = 1150.480 ; gain = 817.777
---------------------------------------------------------------------------------

Report RTL Partitions: 
+-+--------------+------------+----------+
| |RTL Partition |Replication |Instances |
+-+--------------+------------+----------+
+-+--------------+------------+----------+
---------------------------------------------------------------------------------
Start Rebuilding User Hierarchy
---------------------------------------------------------------------------------
---------------------------------------------------------------------------------
Finished Rebuilding User Hierarchy : Time (s): cpu = 00:01:20 ; elapsed = 00:01:23 . Memory (MB): peak = 1150.480 ; gain = 817.777
---------------------------------------------------------------------------------
---------------------------------------------------------------------------------
Start Renaming Generated Ports
---------------------------------------------------------------------------------
---------------------------------------------------------------------------------
Finished Renaming Generated Ports : Time (s): cpu = 00:01:20 ; elapsed = 00:01:23 . Memory (MB): peak = 1150.480 ; gain = 817.777
---------------------------------------------------------------------------------
---------------------------------------------------------------------------------
Start Handling Custom Attributes
---------------------------------------------------------------------------------
---------------------------------------------------------------------------------
Finished Handling Custom Attributes : Time (s): cpu = 00:01:20 ; elapsed = 00:01:23 . Memory (MB): peak = 1150.480 ; gain = 817.777
---------------------------------------------------------------------------------
---------------------------------------------------------------------------------
Start Renaming Generated Nets
---------------------------------------------------------------------------------
---------------------------------------------------------------------------------
Finished Renaming Generated Nets : Time (s): cpu = 00:01:20 ; elapsed = 00:01:23 . Memory (MB): peak = 1150.480 ; gain = 817.777
---------------------------------------------------------------------------------
---------------------------------------------------------------------------------
Start Writing Synthesis Report
---------------------------------------------------------------------------------

Report BlackBoxes: 
+-+--------------+----------+
| |BlackBox name |Instances |
+-+--------------+----------+
+-+--------------+----------+

Report Cell Usage: 
+------+-------+------+
|      |Cell   |Count |
+------+-------+------+
|1     |BUFG   |     2|
|2     |CARRY4 |   179|
|3     |LUT1   |    10|
|4     |LUT2   |   841|
|5     |LUT3   |   655|
|6     |LUT4   |   299|
|7     |LUT5   |  1145|
|8     |LUT6   |  2013|
|9     |MUXF7  |    19|
|10    |MUXF8  |     1|
|11    |FDCE   |   981|
|12    |FDPE   |     1|
|13    |FDRE   |     3|
|14    |LD     |    63|
|15    |IBUF   |    68|
|16    |OBUF   |    66|
+------+-------+------+

Report Instance Areas: 
+------+------------------------+-------------------------+------+
|      |Instance                |Module                   |Cells |
+------+------------------------+-------------------------+------+
|1     |top                     |                         |  6346|
|2     |  u_fcbrt_core          |fcbrt_core               |  4941|
|3     |    u_fcbrt_ML_PLAC     |fcbrt_ML_PLAC            |   125|
|4     |    u_fcbrt_Residual_r4 |fcbrt_Residual_r4        |   651|
|5     |      u_Residual_mid1_0 |CSA4_2__parameterized0   |   333|
|6     |      u_Residual_mid2_0 |CSA4_2__parameterized0_0 |   317|
|7     |      u_Residual_mid3_0 |CSA4_2__parameterized0_1 |     1|
|8     |    u_fcbrt_S_SM_r4     |fcbrt_S_SM_r4            |   226|
|9     |    u_fcbrt_Ssel        |fcbrt_Ssel               |  2360|
|10    |    u_fcbrt_udiv3       |fcbrt_udiv3              |    33|
|11    |  u_fcbrt_postprocess   |fcbrt_postprocess        |    66|
|12    |  u_fcbrt_preprocess    |fcbrt_preprocess         |  1166|
+------+------------------------+-------------------------+------+
---------------------------------------------------------------------------------
Finished Writing Synthesis Report : Time (s): cpu = 00:01:20 ; elapsed = 00:01:23 . Memory (MB): peak = 1150.480 ; gain = 817.777
---------------------------------------------------------------------------------
Synthesis finished with 0 errors, 0 critical warnings and 2 warnings.
Synthesis Optimization Runtime : Time (s): cpu = 00:01:15 ; elapsed = 00:01:18 . Memory (MB): peak = 1150.480 ; gain = 420.273
Synthesis Optimization Complete : Time (s): cpu = 00:01:20 ; elapsed = 00:01:23 . Memory (MB): peak = 1150.480 ; gain = 817.777
INFO: [Project 1-571] Translating synthesized netlist
INFO: [Netlist 29-17] Analyzing 262 Unisim elements for replacement
INFO: [Netlist 29-28] Unisim Transformation completed in 0 CPU seconds
INFO: [Project 1-570] Preparing netlist for logic optimization
INFO: [Opt 31-138] Pushed 0 inverter(s) to 0 load pin(s).
Netlist sorting complete. Time (s): cpu = 00:00:00 ; elapsed = 00:00:00.001 . Memory (MB): peak = 1150.480 ; gain = 0.000
INFO: [Project 1-111] Unisim Transformation Summary:
  A total of 63 instances were transformed.
  LD => LDCE: 63 instances

INFO: [Common 17-83] Releasing license: Synthesis
54 Infos, 9 Warnings, 0 Critical Warnings and 0 Errors encountered.
synth_design completed successfully
synth_design: Time (s): cpu = 00:01:22 ; elapsed = 00:01:26 . Memory (MB): peak = 1150.480 ; gain = 830.859
Netlist sorting complete. Time (s): cpu = 00:00:00 ; elapsed = 00:00:00.001 . Memory (MB): peak = 1150.480 ; gain = 0.000
WARNING: [Constraints 18-5210] No constraints selected for write.
Resolution: This message can indicate that there are no constraints for the design, or it can indicate that the used_in flags are set such that the constraints are ignored. This later case is used when running synth_design to not write synthesis constraints to the resulting checkpoint. Instead, project constraints are read when the synthesized design is opened.
INFO: [Common 17-1381] The checkpoint 'G:/FPU/r64_SRT_fcbrt/vivadopro/fcbrt64/fcbrt64.runs/synth_1/fcbrt_top.dcp' has been generated.
INFO: [runtcl-4] Executing : report_utilization -file fcbrt_top_utilization_synth.rpt -pb fcbrt_top_utilization_synth.pb
INFO: [Common 17-206] Exiting Vivado at Thu Mar 26 21:12:22 2026...
